// Jest Snapshot v1, https://goo.gl/fbAQLP

exports[`The Signin Component Test Suite should match the snapshot 1`] = `
<div
  className="container"
>
  <div
    className="wrapper card"
  >
    <form>
      <div
        className="card-header"
      >
        <p>
          Sign In
        </p>
      </div>
      <div
        className="card-content form-group"
      >
        <label>
          <b>
            Email
          </b>
        </label>
        <input
          className="email"
          field="email"
          id="nnn"
          name="email"
          onChange={[Function]}
          placeholder="Email"
          required={true}
          type="email"
          value=""
        />
        <p
          className="error"
        />
        <label>
          <b>
            Password
          </b>
        </label>
        <input
          field="password"
          name="password"
          onChange={[Function]}
          placeholder="Enter Password"
          required={true}
          type="password"
          value=""
        />
        <p
          className="error"
        />
        <button
          onClick={[Function]}
          type="submit"
        >
          Submit 
        </button>
        <h5>
          Already Registered? 
          <Link
            replace={false}
            to="/signup"
          >
            Sign Up
          </Link>
        </h5>
      </div>
    </form>
  </div>
</div>
`;
