// Jest Snapshot v1, https://goo.gl/fbAQLP

exports[`GuestNavigation Component should match the snapshot 1`] = `
<Fragment>
  <Link
    replace={false}
    to="/signin"
  >
    Sign In
  </Link>
  <Link
    replace={false}
    to="/signup"
  >
    Sign Up
  </Link>
</Fragment>
`;
